Microchip Technology Inc, v1.31 (A)

Tool Name:
  e:\microchip\xc16\v1.31_r\bin\bin\..\bin/elf-ld.exe

Command:
  -p24FJ256DA210 \
  -o \
  dist/default/production/Pattern.X.production.elf \
  -Le:/microchip/xc16/v1.31_r/bin/bin/.. \
  -Le:/microchip/xc16/v1.31_r/bin/bin/../../lib \
  -Le:/microchip/xc16/v1.31_r/bin/bin/../../lib/PIC24E \
  -Le:/microchip/xc16/v1.31_r/bin/bin/../../support/PIC24E/gld \
  -Le:/microchip/xc16/v1.31_r/bin/bin/../../lib/PIC24F \
  -Le:/microchip/xc16/v1.31_r/bin/bin/../../support/PIC24F/gld \
  -Le:/microchip/xc16/v1.31_r/bin/bin/../../lib/PIC24H \
  -Le:/microchip/xc16/v1.31_r/bin/bin/../../support/PIC24H/gld \
  -Le:/microchip/xc16/v1.31_r/bin/bin/../../lib/dsPIC30F \
  -Le:/microchip/xc16/v1.31_r/bin/bin/../../support/dsPIC30F/gld \
  -Le:/microchip/xc16/v1.31_r/bin/bin/../../lib/dsPIC33E \
  -Le:/microchip/xc16/v1.31_r/bin/bin/../../support/dsPIC33E/gld \
  -Le:/microchip/xc16/v1.31_r/bin/bin/../../lib/dsPIC33F \
  -Le:/microchip/xc16/v1.31_r/bin/bin/../../support/dsPIC33F/gld \
  build/default/production/_ext/1687970324/TouchScreen.o \
  build/default/production/_ext/1687970324/TouchScreenAR1020.o \
  build/default/production/_ext/1687970324/TouchScreenResistive.o \
  build/default/production/_ext/1687970324/Beep.o \
  build/default/production/_ext/1687970324/SST25VF016.o \
  build/default/production/_ext/1687970324/cpld.o \
  build/default/production/_ext/1687970324/drv_spi.o \
  build/default/production/_ext/1687970324/SST39LF400.o \
  build/default/production/_ext/1687970324/SST39VF040.o \
  build/default/production/_ext/1687970324/MCHP25LC256.o \
  build/default/production/SST26VF016B.o \
  build/default/production/_ext/1860783399/TimeDelay.o \
  build/default/production/_ext/1919882987/gfxepmp.o \
  build/default/production/_ext/1919882987/mchpGfxDrv.o \
  build/default/production/_ext/1919882987/mchpGfxLCC.o \
  build/default/production/_ext/1919882987/TCON_Custom.o \
  build/default/production/_ext/1919882987/TCON_HX8238.o \
  build/default/production/_ext/1919882987/TCON_HX8257.o \
  build/default/production/_ext/1919882987/TCON_SSD1289.o \
  build/default/production/_ext/1919882987/drvTFT001.o \
  build/default/production/_ext/1919882987/drvTFT002.o \
  build/default/production/_ext/1919882987/HIT1270.o \
  build/default/production/_ext/1919882987/HX8347.o \
  build/default/production/_ext/1919882987/S1D13517.o \
  build/default/production/_ext/1919882987/SH1101A_SSD1303.o \
  build/default/production/_ext/1919882987/SSD1339.o \
  build/default/production/_ext/1919882987/SSD1926.o \
  build/default/production/_ext/1919882987/ST7529.o \
  build/default/production/_ext/1919882987/UC1610.o \
  build/default/production/_ext/803622919/GOL.o \
  build/default/production/_ext/803622919/GOLFontDefault.o \
  build/default/production/_ext/803622919/GOLSchemeDefault.o \
  build/default/production/_ext/803622919/Palette.o \
  build/default/production/_ext/803622919/Primitive.o \
  build/default/production/_ext/803622919/Button.o \
  build/default/production/_ext/803622919/CheckBox.o \
  build/default/production/_ext/803622919/Meter.o \
  build/default/production/_ext/803622919/DigitalMeter.o \
  build/default/production/_ext/803622919/Chart.o \
  build/default/production/_ext/803622919/RadioButton.o \
  build/default/production/_ext/803622919/ListBox.o \
  build/default/production/_ext/803622919/GroupBox.o \
  build/default/production/_ext/803622919/EditBox.o \
  build/default/production/_ext/803622919/Window.o \
  build/default/production/_ext/803622919/Slider.o \
  build/default/production/_ext/803622919/StaticText.o \
  build/default/production/_ext/803622919/RoundDial.o \
  build/default/production/_ext/803622919/Picture.o \
  build/default/production/_ext/803622919/ProgressBar.o \
  build/default/production/_ext/803622919/TextEntry.o \
  build/default/production/Main.o \
  build/default/production/DRV_SPI_SMCPU.o \
  build/default/production/CRC16.o \
  build/default/production/Pattern/GDD_Screens.o \
  build/default/production/Pattern/GDD_Resource.o \
  build/default/production/Pattern/GDD_X_Event_Handler.o \
  --local-stack \
  --defsym=__MPLAB_BUILD=1 \
  -Tp24FJ256DA210.gld.00 \
  --heap=10000 \
  --stack=16 \
  --check-sections \
  --data-init \
  --pack-data \
  --handles \
  --isr \
  --no-gc-sections \
  --fill-upper=0 \
  --stackguard=16 \
  --no-force-link \
  --smart-io \
  -Map=dist/default/production/Pattern.X.production.map \
  --report-mem \
  --memorysummary \
  dist/default/production/memoryfile.xml \
  -start-group \
  --library=pic30-elf \
  --library=m-elf \
  --library=c-elf \
  -end-group \

Archive member included because of file (symbol)

e:/microchip/xc16/v1.31_r/bin/bin/../../lib\libpic30-elf.a(crt0_extended24.o)
                              (__resetPRI)
e:/microchip/xc16/v1.31_r/bin/bin/../../lib\libpic30-elf.a(data_init_24.o)
[...]
Memory Configuration

Name             Origin             Length             Attributes
data             0x000800           0x018000           a !xr
reset            0x000000           0x000004  
ivt              0x000004           0x0000fc  
_reserved        0x000100           0x000004  
aivt             0x000104           0x0000fc  
program          0x000200           0x02a9f8           xr
CONFIG4          0x02abf8           0x000002  
CONFIG3          0x02abfa           0x000002  
CONFIG2          0x02abfc           0x000002  
CONFIG1          0x02abfe           0x000002  
*default*        0x000000           0xffffffff  

Linker script and memory map

LOAD build/default/production/_ext/1687970324/TouchScreen.o
LOAD build/default/production/_ext/1687970324/TouchScreenAR1020.o
LOAD build/default/production/_ext/1687970324/TouchScreenResistive.o
LOAD build/default/production/_ext/1687970324/Beep.o
LOAD build/default/production/_ext/1687970324/SST25VF016.o
LOAD build/default/production/_ext/1687970324/cpld.o
LOAD build/default/production/_ext/1687970324/drv_spi.o
LOAD build/default/production/_ext/1687970324/SST39LF400.o
LOAD build/default/production/_ext/1687970324/SST39VF040.o
LOAD build/default/production/_ext/1687970324/MCHP25LC256.o
LOAD build/default/production/SST26VF016B.o
LOAD build/default/production/_ext/1860783399/TimeDelay.o
LOAD build/default/production/_ext/1919882987/gfxepmp.o
LOAD build/default/production/_ext/1919882987/mchpGfxDrv.o
LOAD build/default/production/_ext/1919882987/mchpGfxLCC.o
LOAD build/default/production/_ext/1919882987/TCON_Custom.o
LOAD build/default/production/_ext/1919882987/TCON_HX8238.o
LOAD build/default/production/_ext/1919882987/TCON_HX8257.o
LOAD build/default/production/_ext/1919882987/TCON_SSD1289.o
LOAD build/default/production/_ext/1919882987/drvTFT001.o
LOAD build/default/production/_ext/1919882987/drvTFT002.o
LOAD build/default/production/_ext/1919882987/HIT1270.o
LOAD build/default/production/_ext/1919882987/HX8347.o
LOAD build/default/production/_ext/1919882987/S1D13517.o
LOAD build/default/production/_ext/1919882987/SH1101A_SSD1303.o
LOAD build/default/production/_ext/1919882987/SSD1339.o
LOAD build/default/production/_ext/1919882987/SSD1926.o
LOAD build/default/production/_ext/1919882987/ST7529.o
LOAD build/default/production/_ext/1919882987/UC1610.o
LOAD build/default/production/_ext/803622919/GOL.o
LOAD build/default/production/_ext/803622919/GOLFontDefault.o
LOAD build/default/production/_ext/803622919/GOLSchemeDefault.o
LOAD build/default/production/_ext/803622919/Palette.o
LOAD build/default/production/_ext/803622919/Primitive.o
LOAD build/default/production/_ext/803622919/Button.o
LOAD build/default/production/_ext/803622919/CheckBox.o
LOAD build/default/production/_ext/803622919/Meter.o
LOAD build/default/production/_ext/803622919/DigitalMeter.o
LOAD build/default/production/_ext/803622919/Chart.o
LOAD build/default/production/_ext/803622919/RadioButton.o
LOAD build/default/production/_ext/803622919/ListBox.o
LOAD build/default/production/_ext/803622919/GroupBox.o
LOAD build/default/production/_ext/803622919/EditBox.o
LOAD build/default/production/_ext/803622919/Window.o
LOAD build/default/production/_ext/803622919/Slider.o
LOAD build/default/production/_ext/803622919/StaticText.o
LOAD build/default/production/_ext/803622919/RoundDial.o
LOAD build/default/production/_ext/803622919/Picture.o
LOAD build/default/production/_ext/803622919/ProgressBar.o
LOAD build/default/production/_ext/803622919/TextEntry.o
LOAD build/default/production/Main.o
LOAD build/default/production/DRV_SPI_SMCPU.o
LOAD build/default/production/CRC16.o
LOAD build/default/production/Pattern/GDD_Screens.o
LOAD build/default/production/Pattern/GDD_Resource.o
LOAD build/default/production/Pattern/GDD_X_Event_Handler.o
                    0x0001                  __MPLAB_BUILD = 0x1
LOAD e:/microchip/xc16/v1.31_r/bin/bin/../../lib/PIC24F\libpPIC24Fxxx-elf.a
LOAD e:/microchip/xc16/v1.31_r/bin/bin/../../lib\libfx-elf.a
                    0x2abf8                  __CONFIG4 = 0x2abf8
                    0x2abfa                  __CONFIG3 = 0x2abfa
                    0x2abfc                  __CONFIG2 = 0x2abfc
                    0x2abfe                  __CONFIG1 = 0x2abfe
                    0x0200                  __CODE_BASE = 0x200
                    0x2a9f8                  __CODE_LENGTH = 0x2a9f8
                    0x0004                  __IVT_BASE = 0x4
                    0x0104                  __AIVT_BASE = 0x104
                    0x0800                  __DATA_BASE = 0x800
                    0x18000                  __DATA_LENGTH = 0x18000

.reset            0x000000          0x4
                  0x000000          0x2 SHORT 0x200 ABSOLUTE (__reset)
                  0x000001          0x2 SHORT 0x4
                  0x000002          0x2 SHORT 0x0 ((ABSOLUTE (__reset) >> 0x10) & 0x7f)
                  0x000003          0x2 SHORT 0x0

.text             0x000200        0xef4
 *(.init)
 .init            0x000200         0x4c e:/microchip/xc16/v1.31_r/bin/bin/../../lib\libpic30-elf.a(crt0_extended24.o)
                  0x000200                  __resetPRI
                  0x000200                  __reset
                  0x00023c                  __psv_init
 .init            0x00024c         0xb8 e:/microchip/xc16/v1.31_r/bin/bin/../../lib\libpic30-elf.a(data_init_24.o)
                  0x000252                  __data_init
                  0x000252                  __data_init_da
 *(.user_init)
 *(.handle)
 .handle          0x000304         0x74 jump_table
 *(.isr*)
 .isr             0x000378          0x4 default_isr
                  0x000378                  __DefaultInterrupt
 *(.libc)
 .libc            0x00037c         0x5a e:/microchip/xc16/v1.31_r/bin/bin/../../lib\libpic30-elf.a(writeda.eo)
                  0x00037c                  _write
 .libc            0x0003d6         0x28 e:/microchip/xc16/v1.31_r/bin/bin/../../lib\libpic30-elf.a(sbrkda.eo)
                  0x0003d6                  _sbrk
 .libc            0x0003fe         0x1a e:/microchip/xc16/v1.31_r/bin/bin/../../lib\libpic30-elf.a(brkda.elo)
                  0x0003fe                  _brk
 *(.libm)
 *(.libdsp)
 *(.lib*)
 .libpic30_crt_start_mode
                  0x000418          0x2 e:/microchip/xc16/v1.31_r/bin/bin/../../lib\libpic30-elf.a(crt_start_mode_normalda.eo)
                  0x000418                  __crt_start_mode
                  0x000418                  __crt_start_mode_normal
 .libm.divsi3     0x00041a         0x1e e:/microchip/xc16/v1.31_r/bin/bin/../../lib\libm-elf.a(divsi3.daeo)
                  0x00041a                  ___divsi3
 .libm.udivsi3    0x000438         0x20 e:/microchip/xc16/v1.31_r/bin/bin/../../lib\libm-elf.a(udivsi3.daeo)
                  0x000438                  ___udivsi3
 .libc._sprintf_cdnopsuxX
                  0x000458         0x2c e:/microchip/xc16/v1.31_r/bin/bin/../../lib\libc-elf.a(sprintf_cdnopsuxX.DAeo)
                  0x000458                  __sprintf_cdnopuxX
                  0x000458                  __sprintf_cdnopsuxX
 .libc.sputc      0x000484         0x12 e:/microchip/xc16/v1.31_r/bin/bin/../../lib\libc-elf.a(doprnt_cdnopsuxX.DAeo)
 .libc._vfprintf_cdnopsuxX
                  0x000496        0x54c e:/microchip/xc16/v1.31_r/bin/bin/../../lib\libc-elf.a(doprnt_cdnopsuxX.DAeo)
                  0x000496                  __vfprintf_cdnopsuxX
                  0x000496                  __vfprintf_cdnopuxX
 .libc.put2d      0x0009e2         0x22 e:/microchip/xc16/v1.31_r/bin/bin/../../lib\libc-elf.a(ctime.daeo)
 .libc.dylen      0x000a04         0x2a e:/microchip/xc16/v1.31_r/bin/bin/../../lib\libc-elf.a(ctime.daeo)
 .libc.gmtime     0x000a2e         0x82 e:/microchip/xc16/v1.31_r/bin/bin/../../lib\libc-elf.a(ctime.daeo)
                  0x000a2e                  _gmtime
 .libc.localtime
                  0x000ab0         0x18 e:/microchip/xc16/v1.31_r/bin/bin/../../lib\libc-elf.a(ctime.daeo)
                  0x000ab0                  _localtime
 .libc.asctime    0x000ac8         0x8c e:/microchip/xc16/v1.31_r/bin/bin/../../lib\libc-elf.a(ctime.daeo)
                  0x000ac8                  _asctime
 .libc.ctime      0x000b54          0x4 e:/microchip/xc16/v1.31_r/bin/bin/../../lib\libc-elf.a(ctime.daeo)
                  0x000b54                  _ctime
 .libc.fputc      0x000b58         0x86 e:/microchip/xc16/v1.31_r/bin/bin/../../lib\libc-elf.a(fputc.daeo)
                  0x000b58                  _fputc
 .libc.malloc     0x000bde        0x112 e:/microchip/xc16/v1.31_r/bin/bin/../../lib\libc-elf.a(malloc.daeo)
                  0x000bde                  _malloc
 .libc.free       0x000cf0         0x16 e:/microchip/xc16/v1.31_r/bin/bin/../../lib\libc-elf.a(malloc.daeo)
                  0x000cf0                  _free
 .libc.realloc    0x000d06         0x82 e:/microchip/xc16/v1.31_r/bin/bin/../../lib\libc-elf.a(malloc.daeo)
                  0x000d06                  _realloc
 .libc.memcpy     0x000d88          0xe e:/microchip/xc16/v1.31_r/bin/bin/../../lib\libc-elf.a(memcpy.daeo)
                  0x000d88                  _memcpy
 .libc.strfmt     0x000d96         0x72 e:/microchip/xc16/v1.31_r/bin/bin/../../lib\libc-elf.a(strftime.daeo)
 .libc.strftime
                  0x000e08        0x23a e:/microchip/xc16/v1.31_r/bin/bin/../../lib\libc-elf.a(strftime.daeo)
                  0x000e08                  _strftime
 .libc._flsbuf    0x001042         0x7e e:/microchip/xc16/v1.31_r/bin/bin/../../lib\libc-elf.a(flsbuf.daeo)
                  0x001042                  __flsbuf
 .libc.dowrite    0x0010c0          0x4 e:/microchip/xc16/v1.31_r/bin/bin/../../lib\libpic30-elf.a(writeda.eo)
 .libm.modsi3     0x0010c4         0x1e e:/microchip/xc16/v1.31_r/bin/bin/../../lib\libm-elf.a(modsi3.daeo)
                  0x0010c4                  ___modsi3
 .libm.umodsi3    0x0010e2          0x6 e:/microchip/xc16/v1.31_r/bin/bin/../../lib\libm-elf.a(umodsi3.daeo)
                  0x0010e2                  ___umodsi3
 .libm.mulsi3     0x0010e8          0xc e:/microchip/xc16/v1.31_r/bin/bin/../../lib\libm-elf.a(mulsi3.daeo)
                  0x0010e8                  ___mulp32peds3
                  0x0010e8                  ___mulsi3
                  0x0010e8                  ___mulp32eds3

usercode
 *(usercode)

__CONFIG4
 *(__CONFIG4.sec*)

__CONFIG3         0x02abfa          0x2
 *(__CONFIG3.sec*)
 __CONFIG3.sec    0x02abfa          0x2 build/default/production/Main.o

__CONFIG2         0x02abfc          0x2
 *(__CONFIG2.sec*)
 __CONFIG2.sec    0x02abfc          0x2 build/default/production/Main.o

__CONFIG1         0x02abfe          0x2
 *(__CONFIG1.sec*)
 __CONFIG1.sec    0x02abfe          0x2 build/default/production/Main.o

.comment
 *(.comment)

.debug_info       0x000000      0x21ef9
 *(.debug_info)
 .debug_info      0x000000        0x85b build/default/production/_ext/1687970324/TouchScreen.o
 .debug_info      0x00085b        0x184 build/default/production/_ext/1687970324/TouchScreenAR1020.o
 .debug_info      0x0009df       0x15d6 build/default/production/_ext/1687970324/TouchScreenResistive.o
 .debug_info      0x001fb5        0x177 build/default/production/_ext/1687970324/Beep.o
 .debug_info      0x00212c        0x132 build/default/production/_ext/1687970324/SST25VF016.o
 .debug_info      0x00225e        0x12c build/default/production/_ext/1687970324/cpld.o
 .debug_info      0x00238a        0x748 build/default/production/_ext/1687970324/drv_spi.o
 .debug_info      0x002ad2        0x17d build/default/production/_ext/1687970324/SST39LF400.o
 .debug_info      0x002c4f        0x17d build/default/production/_ext/1687970324/SST39VF040.o
 .debug_info      0x002dcc        0x133 build/default/production/_ext/1687970324/MCHP25LC256.o
 .debug_info      0x002eff        0xe21 build/default/production/SST26VF016B.o
 .debug_info      0x003d20        0x254 build/default/production/_ext/1860783399/TimeDelay.o
 .debug_info      0x003f74        0x1a9 build/default/production/_ext/1919882987/gfxepmp.o
 .debug_info      0x00411d       0x53ec build/default/production/_ext/1919882987/mchpGfxDrv.o
 .debug_info      0x009509        0x137 build/default/production/_ext/1919882987/mchpGfxLCC.o
 .debug_info      0x009640        0x19c build/default/production/_ext/1919882987/TCON_Custom.o
 .debug_info      0x0097dc        0x183 build/default/production/_ext/1919882987/TCON_HX8238.o
 .debug_info      0x00995f        0x183 build/default/production/_ext/1919882987/TCON_HX8257.o
 .debug_info      0x009ae2        0x184 build/default/production/_ext/1919882987/TCON_SSD1289.o
 .debug_info      0x009c66        0x136 build/default/production/_ext/1919882987/drvTFT001.o
 .debug_info      0x009d9c        0x136 build/default/production/_ext/1919882987/drvTFT002.o
 .debug_info      0x009ed2        0x134 build/default/production/_ext/1919882987/HIT1270.o
 .debug_info      0x00a006        0x133 build/default/production/_ext/1919882987/HX8347.o
 .debug_info      0x00a139        0x135 build/default/production/_ext/1919882987/S1D13517.o
 .debug_info      0x00a26e        0x13c build/default/production/_ext/1919882987/SH1101A_SSD1303.o
 .debug_info      0x00a3aa        0x134 build/default/production/_ext/1919882987/SSD1339.o
 .debug_info      0x00a4de        0x134 build/default/production/_ext/1919882987/SSD1926.o
 .debug_info      0x00a612        0x133 build/default/production/_ext/1919882987/ST7529.o
 .debug_info      0x00a745        0x133 build/default/production/_ext/1919882987/UC1610.o
 .debug_info      0x00a878       0x1194 build/default/production/_ext/803622919/GOL.o
 .debug_info      0x00ba0c        0x2be build/default/production/_ext/803622919/GOLFontDefault.o
 .debug_info      0x00bcca        0x3c4 build/default/production/_ext/803622919/GOLSchemeDefault.o
 .debug_info      0x00c08e        0x177 build/default/production/_ext/803622919/Palette.o
 .debug_info      0x00c205       0x2222 build/default/production/_ext/803622919/Primitive.o
 .debug_info      0x00e427       0x1032 build/default/production/_ext/803622919/Button.o
 .debug_info      0x00f459        0x178 build/default/production/_ext/803622919/CheckBox.o
 .debug_info      0x00f5d1        0x175 build/default/production/_ext/803622919/Meter.o
 .debug_info      0x00f746        0x17c build/default/production/_ext/803622919/DigitalMeter.o
 .debug_info      0x00f8c2        0x175 build/default/production/_ext/803622919/Chart.o
 .debug_info      0x00fa37       0x1514 build/default/production/_ext/803622919/RadioButton.o
 .debug_info      0x010f4b        0x177 build/default/production/_ext/803622919/ListBox.o
 .debug_info      0x0110c2        0xdfc build/default/production/_ext/803622919/GroupBox.o
 .debug_info      0x011ebe        0x177 build/default/production/_ext/803622919/EditBox.o
 .debug_info      0x012035        0x176 build/default/production/_ext/803622919/Window.o
 .debug_info      0x0121ab        0x176 build/default/production/_ext/803622919/Slider.o
 .debug_info      0x012321        0xcb5 build/default/production/_ext/803622919/StaticText.o
 .debug_info      0x012fd6        0x179 build/default/production/_ext/803622919/RoundDial.o
 .debug_info      0x01314f        0xcc3 build/default/production/_ext/803622919/Picture.o
 .debug_info      0x013e12        0x17b build/default/production/_ext/803622919/ProgressBar.o
 .debug_info      0x013f8d        0x179 build/default/production/_ext/803622919/TextEntry.o
 .debug_info      0x014106       0x4151 build/default/production/Main.o
 .debug_info      0x018257       0x1f65 build/default/production/DRV_SPI_SMCPU.o
 .debug_info      0x01a1bc        0x264 build/default/production/CRC16.o
 .debug_info      0x01a420       0x63d1 build/default/production/Pattern/GDD_Screens.o
 .debug_info      0x0207f1        0x5d3 build/default/production/Pattern/GDD_Resource.o
 .debug_info      0x020dc4       0x1135 build/default/production/Pattern/GDD_X_Event_Handler.o
 *(.gnu.linkonce.wi.*)

.debug_abbrev     0x000000       0x2627
 *(.debug_abbrev)
 .debug_abbrev    0x000000        0x177 build/default/production/_ext/1687970324/TouchScreen.o
 .debug_abbrev    0x000177         0x1f build/default/production/_ext/1687970324/TouchScreenAR1020.o
 .debug_abbrev    0x000196        0x1f5 build/default/production/_ext/1687970324/TouchScreenResistive.o
 .debug_abbrev    0x00038b         0x1f build/default/production/_ext/1687970324/Beep.o
 .debug_abbrev    0x0003aa         0x1f build/default/production/_ext/1687970324/SST25VF016.o
 .debug_abbrev    0x0003c9         0x1f build/default/production/_ext/1687970324/cpld.o
 .debug_abbrev    0x0003e8        0x199 build/default/production/_ext/1687970324/drv_spi.o
 .debug_abbrev    0x000581         0x1f build/default/production/_ext/1687970324/SST39LF400.o
 .debug_abbrev    0x0005a0         0x1f build/default/production/_ext/1687970324/SST39VF040.o
 .debug_abbrev    0x0005bf         0x1f build/default/production/_ext/1687970324/MCHP25LC256.o
 .debug_abbrev    0x0005de        0x273 build/default/production/SST26VF016B.o
 .debug_abbrev    0x000851         0x68 build/default/production/_ext/1860783399/TimeDelay.o
 .debug_abbrev    0x0008b9         0x44 build/default/production/_ext/1919882987/gfxepmp.o
 .debug_abbrev    0x0008fd        0x2f8 build/default/production/_ext/1919882987/mchpGfxDrv.o
 .debug_abbrev    0x000bf5         0x1f build/default/production/_ext/1919882987/mchpGfxLCC.o
 .debug_abbrev    0x000c14         0x34 build/default/production/_ext/1919882987/TCON_Custom.o
 .debug_abbrev    0x000c48         0x1f build/default/production/_ext/1919882987/TCON_HX8238.o
 .debug_abbrev    0x000c67         0x1f build/default/production/_ext/1919882987/TCON_HX8257.o
 .debug_abbrev    0x000c86         0x1f build/default/production/_ext/1919882987/TCON_SSD1289.o
 .debug_abbrev    0x000ca5         0x1f build/default/production/_ext/1919882987/drvTFT001.o
 .debug_abbrev    0x000cc4         0x1f build/default/production/_ext/1919882987/drvTFT002.o
 .debug_abbrev    0x000ce3         0x1f build/default/production/_ext/1919882987/HIT1270.o
 .debug_abbrev    0x000d02         0x1f build/default/production/_ext/1919882987/HX8347.o
 .debug_abbrev    0x000d21         0x1f build/default/production/_ext/1919882987/S1D13517.o
 .debug_abbrev    0x000d40         0x1f build/default/production/_ext/1919882987/SH1101A_SSD1303.o
 .debug_abbrev    0x000d5f         0x1f build/default/production/_ext/1919882987/SSD1339.o
 .debug_abbrev    0x000d7e         0x1f build/default/production/_ext/1919882987/SSD1926.o
 .debug_abbrev    0x000d9d         0x1f build/default/production/_ext/1919882987/ST7529.o
 .debug_abbrev    0x000dbc         0x1f build/default/production/_ext/1919882987/UC1610.o
 .debug_abbrev    0x000ddb        0x27b build/default/production/_ext/803622919/GOL.o
 .debug_abbrev    0x001056         0xab build/default/production/_ext/803622919/GOLFontDefault.o
 .debug_abbrev    0x001101         0xc0 build/default/production/_ext/803622919/GOLSchemeDefault.o
 .debug_abbrev    0x0011c1         0x1f build/default/production/_ext/803622919/Palette.o
 .debug_abbrev    0x0011e0        0x214 build/default/production/_ext/803622919/Primitive.o
 .debug_abbrev    0x0013f4        0x21b build/default/production/_ext/803622919/Button.o
 .debug_abbrev    0x00160f         0x1f build/default/production/_ext/803622919/CheckBox.o
 .debug_abbrev    0x00162e         0x1f build/default/production/_ext/803622919/Meter.o
 .debug_abbrev    0x00164d         0x1f build/default/production/_ext/803622919/DigitalMeter.o
 .debug_abbrev    0x00166c         0x1f build/default/production/_ext/803622919/Chart.o
 .debug_abbrev    0x00168b        0x1f6 build/default/production/_ext/803622919/RadioButton.o
 .debug_abbrev    0x001881         0x1f build/default/production/_ext/803622919/ListBox.o
 .debug_abbrev    0x0018a0        0x122 build/default/production/_ext/803622919/GroupBox.o
 .debug_abbrev    0x0019c2         0x1f build/default/production/_ext/803622919/EditBox.o
 .debug_abbrev    0x0019e1         0x1f build/default/production/_ext/803622919/Window.o
 .debug_abbrev    0x001a00         0x1f build/default/production/_ext/803622919/Slider.o
 .debug_abbrev    0x001a1f        0x122 build/default/production/_ext/803622919/StaticText.o
 .debug_abbrev    0x001b41         0x1f build/default/production/_ext/803622919/RoundDial.o
 .debug_abbrev    0x001b60        0x10b build/default/production/_ext/803622919/Picture.o
 .debug_abbrev    0x001c6b         0x1f build/default/production/_ext/803622919/ProgressBar.o
 .debug_abbrev    0x001c8a         0x1f build/default/production/_ext/803622919/TextEntry.o
 .debug_abbrev    0x001ca9        0x2e3 build/default/production/Main.o
 .debug_abbrev    0x001f8c        0x22d build/default/production/DRV_SPI_SMCPU.o
 .debug_abbrev    0x0021b9         0xb4 build/default/production/CRC16.o
 .debug_abbrev    0x00226d        0x1ad build/default/production/Pattern/GDD_Screens.o
 .debug_abbrev    0x00241a         0xd8 build/default/production/Pattern/GDD_Resource.o
 .debug_abbrev    0x0024f2        0x135 build/default/production/Pattern/GDD_X_Event_Handler.o

.debug_line       0x000000       0x4aba
 *(.debug_line)
 .debug_line      0x000000        0x17c build/default/production/_ext/1687970324/TouchScreen.o
 .debug_line      0x00017c         0x1a build/default/production/_ext/1687970324/TouchScreenAR1020.o
 .debug_line      0x000196        0x2c1 build/default/production/_ext/1687970324/TouchScreenResistive.o
 .debug_line      0x000457         0x1a build/default/production/_ext/1687970324/Beep.o
 .debug_line      0x000471         0x1a build/default/production/_ext/1687970324/SST25VF016.o
 .debug_line      0x00048b         0x1a build/default/production/_ext/1687970324/cpld.o
 .debug_line      0x0004a5        0x118 build/default/production/_ext/1687970324/drv_spi.o
 .debug_line      0x0005bd         0x1a build/default/production/_ext/1687970324/SST39LF400.o
 .debug_line      0x0005d7         0x1a build/default/production/_ext/1687970324/SST39VF040.o
 .debug_line      0x0005f1         0x1a build/default/production/_ext/1687970324/MCHP25LC256.o
 .debug_line      0x00060b        0x23d build/default/production/SST26VF016B.o
 .debug_line      0x000848         0x9e build/default/production/_ext/1860783399/TimeDelay.o
 .debug_line      0x0008e6         0x7b build/default/production/_ext/1919882987/gfxepmp.o
 .debug_line      0x000961        0x926 build/default/production/_ext/1919882987/mchpGfxDrv.o
 .debug_line      0x001287         0x1a build/default/production/_ext/1919882987/mchpGfxLCC.o
 .debug_line      0x0012a1         0x5e build/default/production/_ext/1919882987/TCON_Custom.o
 .debug_line      0x0012ff         0x1a build/default/production/_ext/1919882987/TCON_HX8238.o
 .debug_line      0x001319         0x1a build/default/production/_ext/1919882987/TCON_HX8257.o
 .debug_line      0x001333         0x1a build/default/production/_ext/1919882987/TCON_SSD1289.o
 .debug_line      0x00134d         0x1a build/default/production/_ext/1919882987/drvTFT001.o
 .debug_line      0x001367         0x1a build/default/production/_ext/1919882987/drvTFT002.o
 .debug_line      0x001381         0x1a build/default/production/_ext/1919882987/HIT1270.o
 .debug_line      0x00139b         0x1a build/default/production/_ext/1919882987/HX8347.o
 .debug_line      0x0013b5         0x1a build/default/production/_ext/1919882987/S1D13517.o
 .debug_line      0x0013cf         0x1a build/default/production/_ext/1919882987/SH1101A_SSD1303.o
 .debug_line      0x0013e9         0x1a build/default/production/_ext/1919882987/SSD1339.o
 .debug_line      0x001403         0x1a build/default/production/_ext/1919882987/SSD1926.o
 .debug_line      0x00141d         0x1a build/default/production/_ext/1919882987/ST7529.o
 .debug_line      0x001437         0x1a build/default/production/_ext/1919882987/UC1610.o
 .debug_line      0x001451        0x342 build/default/production/_ext/803622919/GOL.o
 .debug_line      0x001793         0x7d build/default/production/_ext/803622919/GOLFontDefault.o
 .debug_line      0x001810         0xc7 build/default/production/_ext/803622919/GOLSchemeDefault.o
 .debug_line      0x0018d7         0x1a build/default/production/_ext/803622919/Palette.o
 .debug_line      0x0018f1        0x72d build/default/production/_ext/803622919/Primitive.o
 .debug_line      0x00201e        0x255 build/default/production/_ext/803622919/Button.o
 .debug_line      0x002273         0x1a build/default/production/_ext/803622919/CheckBox.o
 .debug_line      0x00228d         0x1a build/default/production/_ext/803622919/Meter.o
 .debug_line      0x0022a7         0x1a build/default/production/_ext/803622919/DigitalMeter.o
 .debug_line      0x0022c1         0x1a build/default/production/_ext/803622919/Chart.o
 .debug_line      0x0022db        0x1ee build/default/production/_ext/803622919/RadioButton.o
 .debug_line      0x0024c9         0x1a build/default/production/_ext/803622919/ListBox.o
 .debug_line      0x0024e3        0x1a2 build/default/production/_ext/803622919/GroupBox.o
 .debug_line      0x002685         0x1a build/default/production/_ext/803622919/EditBox.o
 .debug_line      0x00269f         0x1a build/default/production/_ext/803622919/Window.o
 .debug_line      0x0026b9         0x1a build/default/production/_ext/803622919/Slider.o
 .debug_line      0x0026d3        0x18a build/default/production/_ext/803622919/StaticText.o
 .debug_line      0x00285d         0x1a build/default/production/_ext/803622919/RoundDial.o
 .debug_line      0x002877        0x15f build/default/production/_ext/803622919/Picture.o
 .debug_line      0x0029d6         0x1a build/default/production/_ext/803622919/ProgressBar.o
 .debug_line      0x0029f0         0x1a build/default/production/_ext/803622919/TextEntry.o
 .debug_line      0x002a0a        0xfe5 build/default/production/Main.o
 .debug_line      0x0039ef        0x1da build/default/production/DRV_SPI_SMCPU.o
 .debug_line      0x003bc9         0x78 build/default/production/CRC16.o
 .debug_line      0x003c41        0xc22 build/default/production/Pattern/GDD_Screens.o
 .debug_line      0x004863         0x67 build/default/production/Pattern/GDD_Resource.o
 .debug_line      0x0048ca        0x1f0 build/default/production/Pattern/GDD_X_Event_Handler.o

.debug_frame      0x000000       0x452a
 *(.debug_frame)
 .debug_frame     0x000000         0xa6 build/default/production/_ext/1687970324/TouchScreen.o
 .debug_frame     0x0000a6        0x144 build/default/production/_ext/1687970324/TouchScreenResistive.o
 .debug_frame     0x0001ea         0x64 build/default/production/_ext/1687970324/drv_spi.o
 .debug_frame     0x00024e        0x274 build/default/production/SST26VF016B.o
 .debug_frame     0x0004c2         0x54 build/default/production/_ext/1860783399/TimeDelay.o
 .debug_frame     0x000516        0x6ea build/default/production/_ext/1919882987/mchpGfxDrv.o
 .debug_frame     0x000c00         0x24 build/default/production/_ext/1919882987/TCON_Custom.o
 .debug_frame     0x000c24        0x1b2 build/default/production/_ext/803622919/GOL.o
 .debug_frame     0x000dd6        0x4a4 build/default/production/_ext/803622919/Primitive.o
 .debug_frame     0x00127a         0xe2 build/default/production/_ext/803622919/Button.o
 .debug_frame     0x00135c         0xe0 build/default/production/_ext/803622919/RadioButton.o
 .debug_frame     0x00143c         0x9c build/default/production/_ext/803622919/GroupBox.o
 .debug_frame     0x0014d8         0x94 build/default/production/_ext/803622919/StaticText.o
 .debug_frame     0x00156c         0x82 build/default/production/_ext/803622919/Picture.o
 .debug_frame     0x0015ee       0x22b8 build/default/production/Main.o
 .debug_frame     0x0038a6         0x7e build/default/production/DRV_SPI_SMCPU.o
 .debug_frame     0x003924         0x24 build/default/production/CRC16.o
 .debug_frame     0x003948        0x968 build/default/production/Pattern/GDD_Screens.o
 .debug_frame     0x0042b0        0x27a build/default/production/Pattern/GDD_X_Event_Handler.o

.debug_str        0x000000       0x2d37
 *(.debug_str)
 .debug_str       0x000000         0x55 build/default/production/_ext/1687970324/TouchScreen.o
 .debug_str       0x000055         0xd2 build/default/production/_ext/1687970324/TouchScreenResistive.o
 .debug_str       0x000127         0x3d build/default/production/_ext/1687970324/drv_spi.o
 .debug_str       0x000164         0x82 build/default/production/SST26VF016B.o
 .debug_str       0x0001e6        0x38a build/default/production/_ext/1919882987/mchpGfxDrv.o
 .debug_str       0x000570        0x12b build/default/production/_ext/803622919/GOL.o
 .debug_str       0x00069b         0x11 build/default/production/_ext/803622919/GOLFontDefault.o
 .debug_str       0x0006ac          0xf build/default/production/_ext/803622919/GOLSchemeDefault.o
 .debug_str       0x0006bb        0x13c build/default/production/_ext/803622919/Primitive.o
 .debug_str       0x0007f7         0x97 build/default/production/_ext/803622919/Button.o
 .debug_str       0x00088e         0x97 build/default/production/_ext/803622919/RadioButton.o
 .debug_str       0x000925         0x25 build/default/production/_ext/803622919/GroupBox.o
 .debug_str       0x00094a         0x3e build/default/production/_ext/803622919/StaticText.o
 .debug_str       0x000988         0x1d build/default/production/_ext/803622919/Picture.o
 .debug_str       0x0009a5        0x42a build/default/production/Main.o
 .debug_str       0x000dcf        0x17a build/default/production/DRV_SPI_SMCPU.o
 .debug_str       0x000f49         0x20 build/default/production/CRC16.o
 .debug_str       0x000f69       0x1caa build/default/production/Pattern/GDD_Screens.o
 .debug_str       0x002c13         0xe8 build/default/production/Pattern/GDD_Resource.o
 .debug_str       0x002cfb         0x3c build/default/production/Pattern/GDD_X_Event_Handler.o

.debug_loc
 *(.debug_loc)

.debug_macinfo
 *(.debug_macinfo)

.debug_pubnames
                  0x000000       0x3b6f
 *(.debug_pubnames)
 .debug_pubnames
                  0x000000         0x9d build/default/production/_ext/1687970324/TouchScreen.o
 .debug_pubnames
                  0x00009d        0x179 build/default/production/_ext/1687970324/TouchScreenResistive.o
 .debug_pubnames
                  0x000216         0x59 build/default/production/_ext/1687970324/drv_spi.o
 .debug_pubnames
                  0x00026f        0x284 build/default/production/SST26VF016B.o
 .debug_pubnames
                  0x0004f3         0x2c build/default/production/_ext/1860783399/TimeDelay.o
 .debug_pubnames
                  0x00051f         0x20 build/default/production/_ext/1919882987/gfxepmp.o
 .debug_pubnames
                  0x00053f        0x369 build/default/production/_ext/1919882987/mchpGfxDrv.o
 .debug_pubnames
                  0x0008a8         0x20 build/default/production/_ext/1919882987/TCON_Custom.o
 .debug_pubnames
                  0x0008c8        0x20d build/default/production/_ext/803622919/GOL.o
 .debug_pubnames
                  0x000ad5         0x25 build/default/production/_ext/803622919/GOLFontDefault.o
 .debug_pubnames
                  0x000afa         0x27 build/default/production/_ext/803622919/GOLSchemeDefault.o
 .debug_pubnames
                  0x000b21        0x2be build/default/production/_ext/803622919/Primitive.o
 .debug_pubnames
                  0x000ddf         0x75 build/default/production/_ext/803622919/Button.o
 .debug_pubnames
                  0x000e54         0x8c build/default/production/_ext/803622919/RadioButton.o
 .debug_pubnames
                  0x000ee0         0x4b build/default/production/_ext/803622919/GroupBox.o
 .debug_pubnames
                  0x000f2b         0x4b build/default/production/_ext/803622919/StaticText.o
 .debug_pubnames
                  0x000f76         0x43 build/default/production/_ext/803622919/Picture.o
 .debug_pubnames
                  0x000fb9        0x57f build/default/production/Main.o
 .debug_pubnames
                  0x001538        0x130 build/default/production/DRV_SPI_SMCPU.o
 .debug_pubnames
                  0x001668         0x44 build/default/production/CRC16.o
 .debug_pubnames
                  0x0016ac       0x2355 build/default/production/Pattern/GDD_Screens.o
 .debug_pubnames
                  0x003a01        0x112 build/default/production/Pattern/GDD_Resource.o
 .debug_pubnames
                  0x003b13         0x5c build/default/production/Pattern/GDD_X_Event_Handler.o

.debug_ranges
 *(.debug_ranges)

.debug_aranges    0x000000        0x1c8
 *(.debug_aranges)
 .debug_aranges
                  0x000000         0x18 build/default/production/_ext/1687970324/TouchScreen.o
 .debug_aranges
                  0x000018         0x18 build/default/production/_ext/1687970324/TouchScreenResistive.o
 .debug_aranges
                  0x000030         0x18 build/default/production/_ext/1687970324/drv_spi.o
 .debug_aranges
                  0x000048         0x18 build/default/production/SST26VF016B.o
 .debug_aranges
                  0x000060         0x18 build/default/production/_ext/1860783399/TimeDelay.o
 .debug_aranges
                  0x000078         0x18 build/default/production/_ext/1919882987/mchpGfxDrv.o
 .debug_aranges
                  0x000090         0x18 build/default/production/_ext/1919882987/TCON_Custom.o
 .debug_aranges
                  0x0000a8         0x18 build/default/production/_ext/803622919/GOL.o
 .debug_aranges
                  0x0000c0         0x18 build/default/production/_ext/803622919/Primitive.o
 .debug_aranges
                  0x0000d8         0x18 build/default/production/_ext/803622919/Button.o
 .debug_aranges
                  0x0000f0         0x18 build/default/production/_ext/803622919/RadioButton.o
 .debug_aranges
                  0x000108         0x18 build/default/production/_ext/803622919/GroupBox.o
 .debug_aranges
                  0x000120         0x18 build/default/production/_ext/803622919/StaticText.o
 .debug_aranges
                  0x000138         0x18 build/default/production/_ext/803622919/Picture.o
 .debug_aranges
                  0x000150         0x18 build/default/production/Main.o
 .debug_aranges
                  0x000168         0x18 build/default/production/DRV_SPI_SMCPU.o
 .debug_aranges
                  0x000180         0x18 build/default/production/CRC16.o
 .debug_aranges
                  0x000198         0x18 build/default/production/Pattern/GDD_Screens.o
 .debug_aranges
                  0x0001b0         0x18 build/default/production/Pattern/GDD_X_Event_Handler.o
                    0x0000                  WREG0 = 0x0
                    0x0000                  _WREG0 = 0x0
                    0x0002                  WREG1 = 0x2
                    0x0002                  _WREG1 = 0x2
                    0x0004                  WREG2 = 0x4
                    0x0004                  _WREG2 = 0x4
                    0x0006                  WREG3 = 0x6
                    0x0006                  _WREG3 = 0x6
                    0x0008                  WREG4 = 0x8
                    0x0008                  _WREG4 = 0x8
                    0x000a                  WREG5 = 0xa
                    0x000a                  _WREG5 = 0xa
                    0x000c                  WREG6 = 0xc
                    0x000c                  _WREG6 = 0xc
                    0x000e                  WREG7 = 0xe
                    0x000e                  _WREG7 = 0xe
                    0x0010                  WREG8 = 0x10
                    0x0010                  _WREG8 = 0x10
                    0x0012                  WREG9 = 0x12
                    0x0012                  _WREG9 = 0x12
                    0x0014                  WREG10 = 0x14
                    0x0014                  _WREG10 = 0x14
                    0x0016                  WREG11 = 0x16
                    0x0016                  _WREG11 = 0x16
                    0x0018                  WREG12 = 0x18
                    0x0018                  _WREG12 = 0x18
                    0x001a                  WREG13 = 0x1a
                    0x001a                  _WREG13 = 0x1a
                    0x001c                  WREG14 = 0x1c
                    0x001c                  _WREG14 = 0x1c
                    0x001e                  WREG15 = 0x1e
                    0x001e                  _WREG15 = 0x1e
                    0x0020                  SPLIM = 0x20
                    0x0020                  _SPLIM = 0x20
                    0x002e                  PCL = 0x2e
                    0x002e                  _PCL = 0x2e
                    0x0030                  PCH = 0x30
                    0x0030                  _PCH = 0x30
                    0x0032                  DSRPAG = 0x32
                    0x0032                  _DSRPAG = 0x32
                    0x0034                  DSWPAG = 0x34
                    0x0034                  _DSWPAG = 0x34
                    0x0036                  RCOUNT = 0x36
                    0x0036                  _RCOUNT = 0x36
                    0x0042                  SR = 0x42
                    0x0042                  _SR = 0x42
                    0x0042                  _SRbits = 0x42
                    0x0044                  CORCON = 0x44
                    0x0044                  _CORCON = 0x44
                    0x0044                  _CORCONbits = 0x44
                    0x0052                  DISICNT = 0x52
                    0x0052                  _DISICNT = 0x52
                    0x0054                  TBLPAG = 0x54
                    0x0054                  _TBLPAG = 0x54
                    0x0056                  CNPD1 = 0x56
                    0x0056                  _CNPD1 = 0x56
                    0x0056                  _CNPD1bits = 0x56
                    0x0058                  CNPD2 = 0x58
                    0x0058                  _CNPD2 = 0x58
                    0x0058                  _CNPD2bits = 0x58
                    0x005a                  CNPD3 = 0x5a
                    0x005a                  _CNPD3 = 0x5a
                    0x005a                  _CNPD3bits = 0x5a
                    0x005c                  CNPD4 = 0x5c
                    0x005c                  _CNPD4 = 0x5c
                    0x005c                  _CNPD4bits = 0x5c
                    0x005e                  CNPD5 = 0x5e
                    0x005e                  _CNPD5 = 0x5e
                    0x005e                  _CNPD5bits = 0x5e
                    0x0060                  CNPD6 = 0x60
                    0x0060                  _CNPD6 = 0x60
                    0x0060                  _CNPD6bits = 0x60
                    0x0062                  CNEN1 = 0x62
                    0x0062                  _CNEN1 = 0x62
                    0x0062                  _CNEN1bits = 0x62
                    0x0064                  CNEN2 = 0x64
                    0x0064                  _CNEN2 = 0x64
                    0x0064                  _CNEN2bits = 0x64
                    0x0066                  CNEN3 = 0x66
                    0x0066                  _CNEN3 = 0x66
                    0x0066                  _CNEN3bits = 0x66
                    0x0068                  CNEN4 = 0x68
                    0x0068                  _CNEN4 = 0x68
                    0x0068                  _CNEN4bits = 0x68
                    0x006a                  CNEN5 = 0x6a
                    0x006a                  _CNEN5 = 0x6a
                    0x006a                  _CNEN5bits = 0x6a
                    0x006c                  CNEN6 = 0x6c
                    0x006c                  _CNEN6 = 0x6c
                    0x006c                  _CNEN6bits = 0x6c
                    0x006e                  CNPU1 = 0x6e
                    0x006e                  _CNPU1 = 0x6e
                    0x006e                  _CNPU1bits = 0x6e
                    0x0070                  CNPU2 = 0x70
                    0x0070                  _CNPU2 = 0x70
                    0x0070                  _CNPU2bits = 0x70
                    0x0072                  CNPU3 = 0x72
                    0x0072                  _CNPU3 = 0x72
                    0x0072                  _CNPU3bits = 0x72
                    0x0074                  CNPU4 = 0x74
                    0x0074                  _CNPU4 = 0x74
                    0x0074                  _CNPU4bits = 0x74
                    0x0076                  CNPU5 = 0x76
                    0x0076                  _CNPU5 = 0x76
                    0x0076                  _CNPU5bits = 0x76
                    0x0078                  CNPU6 = 0x78
                    0x0078                  _CNPU6 = 0x78
                    0x0078                  _CNPU6bits = 0x78
                    0x0080                  INTCON1 = 0x80
                    0x0080                  _INTCON1 = 0x80
                    0x0080                  _INTCON1bits = 0x80
                    0x0082                  INTCON2 = 0x82
                    0x0082                  _INTCON2 = 0x82
                    0x0082                  _INTCON2bits = 0x82
                    0x0084                  IFS0 = 0x84
                    0x0084                  _IFS0 = 0x84
                    0x0084                  _IFS0bits = 0x84
                    0x0086                  IFS1 = 0x86
                    0x0086                  _IFS1 = 0x86
                    0x0086                  _IFS1bits = 0x86
                    0x0088                  IFS2 = 0x88
                    0x0088                  _IFS2 = 0x88
                    0x0088                  _IFS2bits = 0x88
                    0x008a                  IFS3 = 0x8a
                    0x008a                  _IFS3 = 0x8a
                    0x008a                  _IFS3bits = 0x8a
                    0x008c                  IFS4 = 0x8c
                    0x008c                  _IFS4 = 0x8c
                    0x008c                  _IFS4bits = 0x8c
                    0x008e                  IFS5 = 0x8e
                    0x008e                  _IFS5 = 0x8e
                    0x008e                  _IFS5bits = 0x8e
                    0x0090                  IFS6 = 0x90
                    0x0090                  _IFS6 = 0x90
                    0x0090                  _IFS6bits = 0x90
                    0x0094                  IEC0 = 0x94
                    0x0094                  _IEC0 = 0x94
                    0x0094                  _IEC0bits = 0x94
                    0x0096                  IEC1 = 0x96
                    0x0096                  _IEC1 = 0x96
                    0x0096                  _IEC1bits = 0x96
                    0x0098                  IEC2 = 0x98
                    0x0098                  _IEC2 = 0x98
                    0x0098                  _IEC2bits = 0x98
                    0x009a                  IEC3 = 0x9a
                    0x009a                  _IEC3 = 0x9a
                    0x009a                  _IEC3bits = 0x9a
                    0x009c                  IEC4 = 0x9c
                    0x009c                  _IEC4 = 0x9c
                    0x009c                  _IEC4bits = 0x9c
                    0x009e                  IEC5 = 0x9e
                    0x009e                  _IEC5 = 0x9e
                    0x009e                  _IEC5bits = 0x9e
                    0x00a0                  IEC6 = 0xa0
                    0x00a0                  _IEC6 = 0xa0
                    0x00a0                  _IEC6bits = 0xa0
                    0x00a4                  IPC0 = 0xa4
                    0x00a4                  _IPC0 = 0xa4
                    0x00a4                  _IPC0bits = 0xa4
                    0x00a6                  IPC1 = 0xa6
                    0x00a6                  _IPC1 = 0xa6
                    0x00a6                  _IPC1bits = 0xa6
                    0x00a8                  IPC2 = 0xa8
                    0x00a8                  _IPC2 = 0xa8
                    0x00a8                  _IPC2bits = 0xa8
                    0x00aa                  IPC3 = 0xaa
                    0x00aa                  _IPC3 = 0xaa
                    0x00aa                  _IPC3bits = 0xaa
                    0x00ac                  IPC4 = 0xac
                    0x00ac                  _IPC4 = 0xac
                    0x00ac                  _IPC4bits = 0xac
                    0x00ae                  IPC5 = 0xae
                    0x00ae                  _IPC5 = 0xae
                    0x00ae                  _IPC5bits = 0xae
                    0x00b0                  IPC6 = 0xb0
                    0x00b0                  _IPC6 = 0xb0
                    0x00b0                  _IPC6bits = 0xb0
                    0x00b2                  IPC7 = 0xb2
                    0x00b2                  _IPC7 = 0xb2
                    0x00b2                  _IPC7bits = 0xb2
                    0x00b4                  IPC8 = 0xb4
                    0x00b4                  _IPC8 = 0xb4
                    0x00b4                  _IPC8bits = 0xb4
                    0x00b6                  IPC9 = 0xb6
                    0x00b6                  _IPC9 = 0xb6
                    0x00b6                  _IPC9bits = 0xb6
                    0x00b8                  IPC10 = 0xb8
                    0x00b8                  _IPC10 = 0xb8
                    0x00b8                  _IPC10bits = 0xb8
                    0x00ba                  IPC11 = 0xba
                    0x00ba                  _IPC11 = 0xba
                    0x00ba                  _IPC11bits = 0xba
                    0x00bc                  IPC12 = 0xbc
                    0x00bc                  _IPC12 = 0xbc
                    0x00bc                  _IPC12bits = 0xbc
                    0x00be                  IPC13 = 0xbe
                    0x00be                  _IPC13 = 0xbe
                    0x00be                  _IPC13bits = 0xbe
                    0x00c2                  IPC15 = 0xc2
                    0x00c2                  _IPC15 = 0xc2
                    0x00c2                  _IPC15bits = 0xc2
                    0x00c4                  IPC16 = 0xc4
                    0x00c4                  _IPC16 = 0xc4
                    0x00c4                  _IPC16bits = 0xc4
                    0x00c8                  IPC18 = 0xc8
                    0x00c8                  _IPC18 = 0xc8
                    0x00c8                  _IPC18bits = 0xc8
                    0x00ca                  IPC19 = 0xca
                    0x00ca                  _IPC19 = 0xca
                    0x00ca                  _IPC19bits = 0xca
                    0x00cc                  IPC20 = 0xcc
                    0x00cc                  _IPC20 = 0xcc
                    0x00cc                  _IPC20bits = 0xcc
                    0x00ce                  IPC21 = 0xce
                    0x00ce                  _IPC21 = 0xce
                    0x00ce                  _IPC21bits = 0xce
                    0x00d0                  IPC22 = 0xd0
                    0x00d0                  _IPC22 = 0xd0
                    0x00d0                  _IPC22bits = 0xd0
                    0x00d2                  IPC23 = 0xd2
                    0x00d2                  _IPC23 = 0xd2
                    0x00d2                  _IPC23bits = 0xd2
                    0x00d6                  IPC25 = 0xd6
                    0x00d6                  _IPC25 = 0xd6
                    0x00d6                  _IPC25bits = 0xd6
                    0x00e0                  INTTREG = 0xe0
                    0x00e0                  _INTTREG = 0xe0
                    0x00e0                  _INTTREGbits = 0xe0
                    0x0100                  TMR1 = 0x100
                    0x0100                  _TMR1 = 0x100
                    0x0102                  PR1 = 0x102
                    0x0102                  _PR1 = 0x102
                    0x0104                  T1CON = 0x104
                    0x0104                  _T1CON = 0x104
                    0x0104                  _T1CONbits = 0x104
                    0x0106                  TMR2 = 0x106
                    0x0106                  _TMR2 = 0x106
                    0x0108                  TMR3HLD = 0x108
                    0x0108                  _TMR3HLD = 0x108
                    0x010a                  TMR3 = 0x10a
                    0x010a                  _TMR3 = 0x10a
                    0x010c                  PR2 = 0x10c
                    0x010c                  _PR2 = 0x10c
                    0x010e                  PR3 = 0x10e
                    0x010e                  _PR3 = 0x10e
                    0x0110                  T2CON = 0x110
                    0x0110                  _T2CON = 0x110
                    0x0110                  _T2CONbits = 0x110
                    0x0112                  T3CON = 0x112
                    0x0112                  _T3CON = 0x112
                    0x0112                  _T3CONbits = 0x112
                    0x0114                  TMR4 = 0x114
                    0x0114                  _TMR4 = 0x114
                    0x0116                  TMR5HLD = 0x116
                    0x0116                  _TMR5HLD = 0x116
                    0x0118                  TMR5 = 0x118
                    0x0118                  _TMR5 = 0x118
                    0x011a                  PR4 = 0x11a
                    0x011a                  _PR4 = 0x11a
                    0x011c                  PR5 = 0x11c
                    0x011c                  _PR5 = 0x11c
                    0x011e                  T4CON = 0x11e
                    0x011e                  _T4CON = 0x11e
                    0x011e                  _T4CONbits = 0x11e
                    0x0120                  T5CON = 0x120
                    0x0120                  _T5CON = 0x120
                    0x0120                  _T5CONbits = 0x120
                    0x0140                  IC1CON1 = 0x140
                    0x0140                  _IC1CON1 = 0x140
                    0x0140                  _IC1CON1bits = 0x140
                    0x0142                  IC1CON2 = 0x142
                    0x0142                  _IC1CON2 = 0x142
                    0x0142                  _IC1CON2bits = 0x142
                    0x0144                  IC1BUF = 0x144
                    0x0144                  _IC1BUF = 0x144
                    0x0146                  IC1TMR = 0x146
                    0x0146                  _IC1TMR = 0x146
                    0x0148                  IC2CON1 = 0x148
                    0x0148                  _IC2CON1 = 0x148
                    0x0148                  _IC2CON1bits = 0x148
                    0x014a                  IC2CON2 = 0x14a
                    0x014a                  _IC2CON2 = 0x14a
                    0x014a                  _IC2CON2bits = 0x14a
                    0x014c                  IC2BUF = 0x14c
                    0x014c                  _IC2BUF = 0x14c
                    0x014e                  IC2TMR = 0x14e
                    0x014e                  _IC2TMR = 0x14e
                    0x0150                  IC3CON1 = 0x150
                    0x0150                  _IC3CON1 = 0x150
                    0x0150                  _IC3CON1bits = 0x150
                    0x0152                  IC3CON2 = 0x152
                    0x0152                  _IC3CON2 = 0x152
                    0x0152                  _IC3CON2bits = 0x152
                    0x0154                  IC3BUF = 0x154
                    0x0154                  _IC3BUF = 0x154
                    0x0156                  IC3TMR = 0x156
                    0x0156                  _IC3TMR = 0x156
                    0x0158                  IC4CON1 = 0x158
                    0x0158                  _IC4CON1 = 0x158
                    0x0158                  _IC4CON1bits = 0x158
                    0x015a                  IC4CON2 = 0x15a
                    0x015a                  _IC4CON2 = 0x15a
                    0x015a                  _IC4CON2bits = 0x15a
                    0x015c                  IC4BUF = 0x15c
                    0x015c                  _IC4BUF = 0x15c
                    0x015e                  IC4TMR = 0x15e
                    0x015e                  _IC4TMR = 0x15e
                    0x0160                  IC5CON1 = 0x160
                    0x0160                  _IC5CON1 = 0x160
                    0x0160                  _IC5CON1bits = 0x160
                    0x0162                  IC5CON2 = 0x162
                    0x0162                  _IC5CON2 = 0x162
                    0x0162                  _IC5CON2bits = 0x162
                    0x0164                  IC5BUF = 0x164
                    0x0164                  _IC5BUF = 0x164
                    0x0166                  IC5TMR = 0x166
                    0x0166                  _IC5TMR = 0x166
                    0x0168                  IC6CON1 = 0x168
                    0x0168                  _IC6CON1 = 0x168
                    0x0168                  _IC6CON1bits = 0x168
                    0x016a                  IC6CON2 = 0x16a
                    0x016a                  _IC6CON2 = 0x16a
                    0x016a                  _IC6CON2bits = 0x16a
                    0x016c                  IC6BUF = 0x16c
                    0x016c                  _IC6BUF = 0x16c
                    0x016e                  IC6TMR = 0x16e
                    0x016e                  _IC6TMR = 0x16e
                    0x0170                  IC7CON1 = 0x170
                    0x0170                  _IC7CON1 = 0x170
                    0x0170                  _IC7CON1bits = 0x170
                    0x0172                  IC7CON2 = 0x172
                    0x0172                  _IC7CON2 = 0x172
                    0x0172                  _IC7CON2bits = 0x172
                    0x0174                  IC7BUF = 0x174
                    0x0174                  _IC7BUF = 0x174
                    0x0176                  IC7TMR = 0x176
                    0x0176                  _IC7TMR = 0x176
                    0x0178                  IC8CON1 = 0x178
                    0x0178                  _IC8CON1 = 0x178
                    0x0178                  _IC8CON1bits = 0x178
                    0x017a                  IC8CON2 = 0x17a
                    0x017a                  _IC8CON2 = 0x17a
                    0x017a                  _IC8CON2bits = 0x17a
                    0x017c                  IC8BUF = 0x17c
                    0x017c                  _IC8BUF = 0x17c
                    0x017e                  IC8TMR = 0x17e
                    0x017e                  _IC8TMR = 0x17e
                    0x0180                  IC9CON1 = 0x180
                    0x0180                  _IC9CON1 = 0x180
                    0x0180                  _IC9CON1bits = 0x180
                    0x0182                  IC9CON2 = 0x182
                    0x0182                  _IC9CON2 = 0x182
                    0x0182                  _IC9CON2bits = 0x182
                    0x0184                  IC9BUF = 0x184
                    0x0184                  _IC9BUF = 0x184
                    0x0186                  IC9TMR = 0x186
                    0x0186                  _IC9TMR = 0x186
                    0x0190                  OC1CON1 = 0x190
                    0x0190                  _OC1CON1 = 0x190
                    0x0190                  _OC1CON1bits = 0x190
                    0x0192                  OC1CON2 = 0x192
                    0x0192                  _OC1CON2 = 0x192
                    0x0192                  _OC1CON2bits = 0x192
                    0x0194                  OC1RS = 0x194
                    0x0194                  _OC1RS = 0x194
                    0x0196                  OC1R = 0x196
                    0x0196                  _OC1R = 0x196
                    0x0198                  OC1TMR = 0x198
                    0x0198                  _OC1TMR = 0x198
                    0x019a                  OC2CON1 = 0x19a
                    0x019a                  _OC2CON1 = 0x19a
                    0x019a                  _OC2CON1bits = 0x19a
                    0x019c                  OC2CON2 = 0x19c
                    0x019c                  _OC2CON2 = 0x19c
                    0x019c                  _OC2CON2bits = 0x19c
                    0x019e                  OC2RS = 0x19e
                    0x019e                  _OC2RS = 0x19e
                    0x01a0                  OC2R = 0x1a0
                    0x01a0                  _OC2R = 0x1a0
                    0x01a2                  OC2TMR = 0x1a2
                    0x01a2                  _OC2TMR = 0x1a2
                    0x01a4                  OC3CON1 = 0x1a4
                    0x01a4                  _OC3CON1 = 0x1a4
                    0x01a4                  _OC3CON1bits = 0x1a4
                    0x01a6                  OC3CON2 = 0x1a6
                    0x01a6                  _OC3CON2 = 0x1a6
                    0x01a6                  _OC3CON2bits = 0x1a6
                    0x01a8                  OC3RS = 0x1a8
                    0x01a8                  _OC3RS = 0x1a8
                    0x01aa                  OC3R = 0x1aa
                    0x01aa                  _OC3R = 0x1aa
                    0x01ac                  OC3TMR = 0x1ac
                    0x01ac                  _OC3TMR = 0x1ac
                    0x01ae                  OC4CON1 = 0x1ae
                    0x01ae                  _OC4CON1 = 0x1ae
                    0x01ae                  _OC4CON1bits = 0x1ae
                    0x01b0                  OC4CON2 = 0x1b0
                    0x01b0                  _OC4CON2 = 0x1b0
                    0x01b0                  _OC4CON2bits = 0x1b0
                    0x01b2                  OC4RS = 0x1b2
                    0x01b2                  _OC4RS = 0x1b2
                    0x01b4                  OC4R = 0x1b4
                    0x01b4                  _OC4R = 0x1b4
                    0x01b6                  OC4TMR = 0x1b6
                    0x01b6                  _OC4TMR = 0x1b6
                    0x01b8                  OC5CON1 = 0x1b8
                    0x01b8                  _OC5CON1 = 0x1b8
                    0x01b8                  _OC5CON1bits = 0x1b8
                    0x01ba                  OC5CON2 = 0x1ba
                    0x01ba                  _OC5CON2 = 0x1ba
                    0x01ba                  _OC5CON2bits = 0x1ba
                    0x01bc                  OC5RS = 0x1bc
                    0x01bc                  _OC5RS = 0x1bc
                    0x01be                  OC5R = 0x1be
                    0x01be                  _OC5R = 0x1be
                    0x01c0                  OC5TMR = 0x1c0
                    0x01c0                  _OC5TMR = 0x1c0
                    0x01c2                  OC6CON1 = 0x1c2
                    0x01c2                  _OC6CON1 = 0x1c2
                    0x01c2                  _OC6CON1bits = 0x1c2
                    0x01c4                  OC6CON2 = 0x1c4
                    0x01c4                  _OC6CON2 = 0x1c4
                    0x01c4                  _OC6CON2bits = 0x1c4
                    0x01c6                  OC6RS = 0x1c6
                    0x01c6                  _OC6RS = 0x1c6
                    0x01c8                  OC6R = 0x1c8
                    0x01c8                  _OC6R = 0x1c8
                    0x01ca                  OC6TMR = 0x1ca
                    0x01ca                  _OC6TMR = 0x1ca
                    0x01cc                  OC7CON1 = 0x1cc
                    0x01cc                  _OC7CON1 = 0x1cc
                    0x01cc                  _OC7CON1bits = 0x1cc
                    0x01ce                  OC7CON2 = 0x1ce
                    0x01ce                  _OC7CON2 = 0x1ce
                    0x01ce                  _OC7CON2bits = 0x1ce
                    0x01d0                  OC7RS = 0x1d0
                    0x01d0                  _OC7RS = 0x1d0
                    0x01d2                  OC7R = 0x1d2
                    0x01d2                  _OC7R = 0x1d2
                    0x01d4                  OC7TMR = 0x1d4
                    0x01d4                  _OC7TMR = 0x1d4
                    0x01d6                  OC8CON1 = 0x1d6
                    0x01d6                  _OC8CON1 = 0x1d6
                    0x01d6                  _OC8CON1bits = 0x1d6
                    0x01d8                  OC8CON2 = 0x1d8
                    0x01d8                  _OC8CON2 = 0x1d8
                    0x01d8                  _OC8CON2bits = 0x1d8
                    0x01da                  OC8RS = 0x1da
                    0x01da                  _OC8RS = 0x1da
                    0x01dc                  OC8R = 0x1dc
                    0x01dc                  _OC8R = 0x1dc
                    0x01de                  OC8TMR = 0x1de
                    0x01de                  _OC8TMR = 0x1de
                    0x01e0                  OC9CON1 = 0x1e0
                    0x01e0                  _OC9CON1 = 0x1e0
                    0x01e0                  _OC9CON1bits = 0x1e0
                    0x01e2                  OC9CON2 = 0x1e2
                    0x01e2                  _OC9CON2 = 0x1e2
                    0x01e2                  _OC9CON2bits = 0x1e2
                    0x01e4                  OC9RS = 0x1e4
                    0x01e4                  _OC9RS = 0x1e4
                    0x01e6                  OC9R = 0x1e6
                    0x01e6                  _OC9R = 0x1e6
                    0x01e8                  OC9TMR = 0x1e8
                    0x01e8                  _OC9TMR = 0x1e8
                    0x0200                  I2C1RCV = 0x200
                    0x0200                  _I2C1RCV = 0x200
                    0x0202                  I2C1TRN = 0x202
                    0x0202                  _I2C1TRN = 0x202
                    0x0204                  I2C1BRG = 0x204
                    0x0204                  _I2C1BRG = 0x204
                    0x0206                  I2C1CON = 0x206
                    0x0206                  _I2C1CON = 0x206
                    0x0206                  _I2C1CONbits = 0x206
                    0x0208                  I2C1STAT = 0x208
                    0x0208                  _I2C1STAT = 0x208
                    0x0208                  _I2C1STATbits = 0x208
                    0x020a                  I2C1ADD = 0x20a
                    0x020a                  _I2C1ADD = 0x20a
                    0x020c                  I2C1MSK = 0x20c
                    0x020c                  _I2C1MSK = 0x20c
                    0x0210                  I2C2RCV = 0x210
                    0x0210                  _I2C2RCV = 0x210
                    0x0212                  I2C2TRN = 0x212
                    0x0212                  _I2C2TRN = 0x212
                    0x0214                  I2C2BRG = 0x214
                    0x0214                  _I2C2BRG = 0x214
                    0x0216                  I2C2CON = 0x216
                    0x0216                  _I2C2CON = 0x216
                    0x0216                  _I2C2CONbits = 0x216
                    0x0218                  I2C2STAT = 0x218
                    0x0218                  _I2C2STAT = 0x218
                    0x0218                  _I2C2STATbits = 0x218
                    0x021a                  I2C2ADD = 0x21a
                    0x021a                  _I2C2ADD = 0x21a
                    0x021c                  I2C2MSK = 0x21c
                    0x021c                  _I2C2MSK = 0x21c
                    0x0220                  U1MODE = 0x220
                    0x0220                  _U1MODE = 0x220
                    0x0220                  _U1MODEbits = 0x220
                    0x0222                  U1STA = 0x222
                    0x0222                  _U1STA = 0x222
                    0x0222                  _U1STAbits = 0x222
                    0x0224                  U1TXREG = 0x224
                    0x0224                  _U1TXREG = 0x224
                    0x0224                  _U1TXREGbits = 0x224
                    0x0226                  U1RXREG = 0x226
                    0x0226                  _U1RXREG = 0x226
                    0x0226                  _U1RXREGbits = 0x226
                    0x0228                  U1BRG = 0x228
                    0x0228                  _U1BRG = 0x228
                    0x0230                  U2MODE = 0x230
                    0x0230                  _U2MODE = 0x230
                    0x0230                  _U2MODEbits = 0x230
                    0x0232                  U2STA = 0x232
                    0x0232                  _U2STA = 0x232
                    0x0232                  _U2STAbits = 0x232
                    0x0234                  U2TXREG = 0x234
                    0x0234                  _U2TXREG = 0x234
                    0x0234                  _U2TXREGbits = 0x234
                    0x0236                  U2RXREG = 0x236
                    0x0236                  _U2RXREG = 0x236
                    0x0236                  _U2RXREGbits = 0x236
                    0x0238                  U2BRG = 0x238
                    0x0238                  _U2BRG = 0x238
                    0x0240                  SPI1STAT = 0x240
                    0x0240                  _SPI1STAT = 0x240
                    0x0240                  _SPI1STATbits = 0x240
                    0x0242                  SPI1CON1 = 0x242
                    0x0242                  _SPI1CON1 = 0x242
                    0x0242                  _SPI1CON1bits = 0x242
                    0x0244                  SPI1CON2 = 0x244
                    0x0244                  _SPI1CON2 = 0x244
                    0x0244                  _SPI1CON2bits = 0x244
                    0x0248                  SPI1BUF = 0x248
                    0x0248                  _SPI1BUF = 0x248
                    0x0250                  U3MODE = 0x250
                    0x0250                  _U3MODE = 0x250
                    0x0250                  _U3MODEbits = 0x250
                    0x0252                  U3STA = 0x252
                    0x0252                  _U3STA = 0x252
                    0x0252                  _U3STAbits = 0x252
                    0x0254                  U3TXREG = 0x254
                    0x0254                  _U3TXREG = 0x254
                    0x0254                  _U3TXREGbits = 0x254
                    0x0256                  U3RXREG = 0x256
                    0x0256                  _U3RXREG = 0x256
                    0x0256                  _U3RXREGbits = 0x256
                    0x0258                  U3BRG = 0x258
                    0x0258                  _U3BRG = 0x258
                    0x0260                  SPI2STAT = 0x260
                    0x0260                  _SPI2STAT = 0x260
                    0x0260                  _SPI2STATbits = 0x260
                    0x0262                  SPI2CON1 = 0x262
                    0x0262                  _SPI2CON1 = 0x262
                    0x0262                  _SPI2CON1bits = 0x262
                    0x0264                  SPI2CON2 = 0x264
                    0x0264                  _SPI2CON2 = 0x264
                    0x0264                  _SPI2CON2bits = 0x264
                    0x0268                  SPI2BUF = 0x268
                    0x0268                  _SPI2BUF = 0x268
                    0x0270                  I2C3RCV = 0x270
                    0x0270                  _I2C3RCV = 0x270
                    0x0272                  I2C3TRN = 0x272
                    0x0272                  _I2C3TRN = 0x272
                    0x0274                  I2C3BRG = 0x274
                    0x0274                  _I2C3BRG = 0x274
                    0x0276                  I2C3CON = 0x276
                    0x0276                  _I2C3CON = 0x276
                    0x0276                  _I2C3CONbits = 0x276
                    0x0278                  I2C3STAT = 0x278
                    0x0278                  _I2C3STAT = 0x278
                    0x0278                  _I2C3STATbits = 0x278
                    0x027a                  I2C3ADD = 0x27a
                    0x027a                  _I2C3ADD = 0x27a
                    0x027c                  I2C3MSK = 0x27c
                    0x027c                  _I2C3MSK = 0x27c
                    0x0280                  SPI3STAT = 0x280
                    0x0280                  _SPI3STAT = 0x280
                    0x0280                  _SPI3STATbits = 0x280
                    0x0282                  SPI3CON1 = 0x282
                    0x0282                  _SPI3CON1 = 0x282
                    0x0282                  _SPI3CON1bits = 0x282
                    0x0284                  SPI3CON2 = 0x284
                    0x0284                  _SPI3CON2 = 0x284
                    0x0284                  _SPI3CON2bits = 0x284
                    0x0288                  SPI3BUF = 0x288
                    0x0288                  _SPI3BUF = 0x288
                    0x02b0                  U4MODE = 0x2b0
                    0x02b0                  _U4MODE = 0x2b0
                    0x02b0                  _U4MODEbits = 0x2b0
                    0x02b2                  U4STA = 0x2b2
                    0x02b2                  _U4STA = 0x2b2
                    0x02b2                  _U4STAbits = 0x2b2
                    0x02b4                  U4TXREG = 0x2b4
                    0x02b4                  _U4TXREG = 0x2b4
                    0x02b4                  _U4TXREGbits = 0x2b4
                    0x02b6                  U4RXREG = 0x2b6
                    0x02b6                  _U4RXREG = 0x2b6
                    0x02b6                  _U4RXREGbits = 0x2b6
                    0x02b8                  U4BRG = 0x2b8
                    0x02b8                  _U4BRG = 0x2b8
                    0x02c0                  TRISA = 0x2c0
                    0x02c0                  _TRISA = 0x2c0
                    0x02c0                  _TRISAbits = 0x2c0
                    0x02c2                  PORTA = 0x2c2
                    0x02c2                  _PORTA = 0x2c2
                    0x02c2                  _PORTAbits = 0x2c2
                    0x02c4                  LATA = 0x2c4
                    0x02c4                  _LATA = 0x2c4
                    0x02c4                  _LATAbits = 0x2c4
                    0x02c6                  ODCA = 0x2c6
                    0x02c6                  _ODCA = 0x2c6
                    0x02c6                  _ODCAbits = 0x2c6
                    0x02c8                  TRISB = 0x2c8
                    0x02c8                  _TRISB = 0x2c8
                    0x02c8                  _TRISBbits = 0x2c8
                    0x02ca                  PORTB = 0x2ca
                    0x02ca                  _PORTB = 0x2ca
                    0x02ca                  _PORTBbits = 0x2ca
                    0x02cc                  LATB = 0x2cc
                    0x02cc                  _LATB = 0x2cc
                    0x02cc                  _LATBbits = 0x2cc
                    0x02ce                  ODCB = 0x2ce
                    0x02ce                  _ODCB = 0x2ce
                    0x02ce                  _ODCBbits = 0x2ce
                    0x02d0                  TRISC = 0x2d0
                    0x02d0                  _TRISC = 0x2d0
                    0x02d0                  _TRISCbits = 0x2d0
                    0x02d2                  PORTC = 0x2d2
                    0x02d2                  _PORTC = 0x2d2
                    0x02d2                  _PORTCbits = 0x2d2
                    0x02d4                  LATC = 0x2d4
                    0x02d4                  _LATC = 0x2d4
                    0x02d4                  _LATCbits = 0x2d4
                    0x02d6                  ODCC = 0x2d6
                    0x02d6                  _ODCC = 0x2d6
                    0x02d6                  _ODCCbits = 0x2d6
                    0x02d8                  TRISD = 0x2d8
                    0x02d8                  _TRISD = 0x2d8
                    0x02d8                  _TRISDbits = 0x2d8
                    0x02da                  PORTD = 0x2da
                    0x02da                  _PORTD = 0x2da
                    0x02da                  _PORTDbits = 0x2da
                    0x02dc                  LATD = 0x2dc
                    0x02dc                  _LATD = 0x2dc
                    0x02dc                  _LATDbits = 0x2dc
                    0x02de                  ODCD = 0x2de
                    0x02de                  _ODCD = 0x2de
                    0x02de                  _ODCDbits = 0x2de
                    0x02e0                  TRISE = 0x2e0
                    0x02e0                  _TRISE = 0x2e0
                    0x02e0                  _TRISEbits = 0x2e0
                    0x02e2                  PORTE = 0x2e2
                    0x02e2                  _PORTE = 0x2e2
                    0x02e2                  _PORTEbits = 0x2e2
                    0x02e4                  LATE = 0x2e4
                    0x02e4                  _LATE = 0x2e4
                    0x02e4                  _LATEbits = 0x2e4
                    0x02e6                  ODCE = 0x2e6
                    0x02e6                  _ODCE = 0x2e6
                    0x02e6                  _ODCEbits = 0x2e6
                    0x02e8                  TRISF = 0x2e8
                    0x02e8                  _TRISF = 0x2e8
                    0x02e8                  _TRISFbits = 0x2e8
                    0x02ea                  PORTF = 0x2ea
                    0x02ea                  _PORTF = 0x2ea
                    0x02ea                  _PORTFbits = 0x2ea
                    0x02ec                  LATF = 0x2ec
                    0x02ec                  _LATF = 0x2ec
                    0x02ec                  _LATFbits = 0x2ec
                    0x02ee                  ODCF = 0x2ee
                    0x02ee                  _ODCF = 0x2ee
                    0x02ee                  _ODCFbits = 0x2ee
                    0x02f0                  TRISG = 0x2f0
                    0x02f0                  _TRISG = 0x2f0
                    0x02f0                  _TRISGbits = 0x2f0
                    0x02f2                  PORTG = 0x2f2
                    0x02f2                  _PORTG = 0x2f2
                    0x02f2                  _PORTGbits = 0x2f2
                    0x02f4                  LATG = 0x2f4
                    0x02f4                  _LATG = 0x2f4
                    0x02f4                  _LATGbits = 0x2f4
                    0x02f6                  ODCG = 0x2f6
                    0x02f6                  _ODCG = 0x2f6
                    0x02f6                  _ODCGbits = 0x2f6
                    0x02fc                  PADCFG1 = 0x2fc
                    0x02fc                  _PADCFG1 = 0x2fc
                    0x02fc                  _PADCFG1bits = 0x2fc
                    0x0300                  ADC1BUF0 = 0x300
                    0x0300                  _ADC1BUF0 = 0x300
                    0x0302                  ADC1BUF1 = 0x302
                    0x0302                  _ADC1BUF1 = 0x302
                    0x0304                  ADC1BUF2 = 0x304
                    0x0304                  _ADC1BUF2 = 0x304
                    0x0306                  ADC1BUF3 = 0x306
                    0x0306                  _ADC1BUF3 = 0x306
                    0x0308                  ADC1BUF4 = 0x308
                    0x0308                  _ADC1BUF4 = 0x308
                    0x030a                  ADC1BUF5 = 0x30a
                    0x030a                  _ADC1BUF5 = 0x30a
                    0x030c                  ADC1BUF6 = 0x30c
                    0x030c                  _ADC1BUF6 = 0x30c
                    0x030e                  ADC1BUF7 = 0x30e
                    0x030e                  _ADC1BUF7 = 0x30e
                    0x0310                  ADC1BUF8 = 0x310
                    0x0310                  _ADC1BUF8 = 0x310
                    0x0312                  ADC1BUF9 = 0x312
                    0x0312                  _ADC1BUF9 = 0x312
                    0x0314                  ADC1BUFA = 0x314
                    0x0314                  _ADC1BUFA = 0x314
                    0x0316                  ADC1BUFB = 0x316
                    0x0316                  _ADC1BUFB = 0x316
                    0x0318                  ADC1BUFC = 0x318
                    0x0318                  _ADC1BUFC = 0x318
                    0x031a                  ADC1BUFD = 0x31a
                    0x031a                  _ADC1BUFD = 0x31a
                    0x031c                  ADC1BUFE = 0x31c
                    0x031c                  _ADC1BUFE = 0x31c
                    0x031e                  ADC1BUFF = 0x31e
                    0x031e                  _ADC1BUFF = 0x31e
                    0x0320                  AD1CON1 = 0x320
                    0x0320                  _AD1CON1 = 0x320
                    0x0320                  _AD1CON1bits = 0x320
                    0x0322                  AD1CON2 = 0x322
                    0x0322                  _AD1CON2 = 0x322
                    0x0322                  _AD1CON2bits = 0x322
                    0x0324                  AD1CON3 = 0x324
                    0x0324                  _AD1CON3 = 0x324
                    0x0324                  _AD1CON3bits = 0x324
                    0x0328                  AD1CHS = 0x328
                    0x0328                  _AD1CHS = 0x328
                    0x0328                  _AD1CHSbits = 0x328
                    0x0328                  AD1CHS0 = 0x328
                    0x0328                  _AD1CHS0 = 0x328
                    0x0328                  _AD1CHS0bits = 0x328
                    0x032e                  AD1CSSH = 0x32e
                    0x032e                  _AD1CSSH = 0x32e
                    0x032e                  _AD1CSSHbits = 0x32e
                    0x0330                  AD1CSSL = 0x330
                    0x0330                  _AD1CSSL = 0x330
                    0x0330                  _AD1CSSLbits = 0x330
                    0x033c                  CTMUCON = 0x33c
                    0x033c                  _CTMUCON = 0x33c
                    0x033c                  _CTMUCONbits = 0x33c
                    0x033e                  CTMUICON = 0x33e
                    0x033e                  _CTMUICON = 0x33e
                    0x033e                  _CTMUICONbits = 0x33e
                    0x0340                  ADC1BUF10 = 0x340
                    0x0340                  _ADC1BUF10 = 0x340
                    0x0342                  ADC1BUF11 = 0x342
                    0x0342                  _ADC1BUF11 = 0x342
                    0x0344                  ADC1BUF12 = 0x344
                    0x0344                  _ADC1BUF12 = 0x344
                    0x0346                  ADC1BUF13 = 0x346
                    0x0346                  _ADC1BUF13 = 0x346
                    0x0348                  ADC1BUF14 = 0x348
                    0x0348                  _ADC1BUF14 = 0x348
                    0x034a                  ADC1BUF15 = 0x34a
                    0x034a                  _ADC1BUF15 = 0x34a
                    0x034c                  ADC1BUF16 = 0x34c
                    0x034c                  _ADC1BUF16 = 0x34c
                    0x034e                  ADC1BUF17 = 0x34e
                    0x034e                  _ADC1BUF17 = 0x34e
                    0x0350                  ADC1BUF18 = 0x350
                    0x0350                  _ADC1BUF18 = 0x350
                    0x0352                  ADC1BUF19 = 0x352
                    0x0352                  _ADC1BUF19 = 0x352
                    0x0354                  ADC1BUF1A = 0x354
                    0x0354                  _ADC1BUF1A = 0x354
                    0x0356                  ADC1BUF1B = 0x356
                    0x0356                  _ADC1BUF1B = 0x356
                    0x0358                  ADC1BUF1C = 0x358
                    0x0358                  _ADC1BUF1C = 0x358
                    0x035a                  ADC1BUF1D = 0x35a
                    0x035a                  _ADC1BUF1D = 0x35a
                    0x035c                  ADC1BUF1E = 0x35c
                    0x035c                  _ADC1BUF1E = 0x35c
                    0x035e                  ADC1BUF1F = 0x35e
                    0x035e                  _ADC1BUF1F = 0x35e
                    0x0480                  U1OTGIR = 0x480
                    0x0480                  _U1OTGIR = 0x480
                    0x0480                  _U1OTGIRbits = 0x480
                    0x0482                  U1OTGIE = 0x482
                    0x0482                  _U1OTGIE = 0x482
                    0x0482                  _U1OTGIEbits = 0x482
                    0x0484                  U1OTGSTAT = 0x484
                    0x0484                  _U1OTGSTAT = 0x484
                    0x0484                  _U1OTGSTATbits = 0x484
                    0x0486                  U1OTGCON = 0x486
                    0x0486                  _U1OTGCON = 0x486
                    0x0486                  _U1OTGCONbits = 0x486
                    0x0488                  U1PWRC = 0x488
                    0x0488                  _U1PWRC = 0x488
                    0x0488                  _U1PWRCbits = 0x488
                    0x048a                  U1IR = 0x48a
                    0x048a                  _U1IR = 0x48a
                    0x048a                  _U1IRbits = 0x48a
                    0x048c                  U1IE = 0x48c
                    0x048c                  _U1IE = 0x48c
                    0x048c                  _U1IEbits = 0x48c
                    0x048e                  U1EIR = 0x48e
                    0x048e                  _U1EIR = 0x48e
                    0x048e                  _U1EIRbits = 0x48e
                    0x0490                  U1EIE = 0x490
                    0x0490                  _U1EIE = 0x490
                    0x0490                  _U1EIEbits = 0x490
                    0x0492                  U1STAT = 0x492
                    0x0492                  _U1STAT = 0x492
                    0x0492                  _U1STATbits = 0x492
                    0x0494                  U1CON = 0x494
                    0x0494                  _U1CON = 0x494
                    0x0494                  _U1CONbits = 0x494
                    0x0496                  U1ADDR = 0x496
                    0x0496                  _U1ADDR = 0x496
                    0x0496                  _U1ADDRbits = 0x496
                    0x0498                  U1BDTP1 = 0x498
                    0x0498                  _U1BDTP1 = 0x498
                    0x0498                  _U1BDTP1bits = 0x498
                    0x049a                  U1FRML = 0x49a
                    0x049a                  _U1FRML = 0x49a
                    0x049a                  _U1FRMLbits = 0x49a
                    0x049c                  U1FRMH = 0x49c
                    0x049c                  _U1FRMH = 0x49c
                    0x049c                  _U1FRMHbits = 0x49c
                    0x049e                  U1TOK = 0x49e
                    0x049e                  _U1TOK = 0x49e
                    0x049e                  _U1TOKbits = 0x49e
                    0x04a0                  U1SOF = 0x4a0
                    0x04a0                  _U1SOF = 0x4a0
                    0x04a0                  _U1SOFbits = 0x4a0
                    0x04a6                  U1CNFG1 = 0x4a6
                    0x04a6                  _U1CNFG1 = 0x4a6
                    0x04a6                  _U1CNFG1bits = 0x4a6
                    0x04a8                  U1CNFG2 = 0x4a8
                    0x04a8                  _U1CNFG2 = 0x4a8
                    0x04a8                  _U1CNFG2bits = 0x4a8
                    0x04aa                  U1EP0 = 0x4aa
                    0x04aa                  _U1EP0 = 0x4aa
                    0x04aa                  _U1EP0bits = 0x4aa
                    0x04ac                  U1EP1 = 0x4ac
                    0x04ac                  _U1EP1 = 0x4ac
                    0x04ac                  _U1EP1bits = 0x4ac
                    0x04ae                  U1EP2 = 0x4ae
                    0x04ae                  _U1EP2 = 0x4ae
                    0x04ae                  _U1EP2bits = 0x4ae
                    0x04b0                  U1EP3 = 0x4b0
                    0x04b0                  _U1EP3 = 0x4b0
                    0x04b0                  _U1EP3bits = 0x4b0
                    0x04b2                  U1EP4 = 0x4b2
                    0x04b2                  _U1EP4 = 0x4b2
                    0x04b2                  _U1EP4bits = 0x4b2
                    0x04b4                  U1EP5 = 0x4b4
                    0x04b4                  _U1EP5 = 0x4b4
                    0x04b4                  _U1EP5bits = 0x4b4
                    0x04b6                  U1EP6 = 0x4b6
                    0x04b6                  _U1EP6 = 0x4b6
                    0x04b6                  _U1EP6bits = 0x4b6
                    0x04b8                  U1EP7 = 0x4b8
                    0x04b8                  _U1EP7 = 0x4b8
                    0x04b8                  _U1EP7bits = 0x4b8
                    0x04ba                  U1EP8 = 0x4ba
                    0x04ba                  _U1EP8 = 0x4ba
                    0x04ba                  _U1EP8bits = 0x4ba
                    0x04bc                  U1EP9 = 0x4bc
                    0x04bc                  _U1EP9 = 0x4bc
                    0x04bc                  _U1EP9bits = 0x4bc
                    0x04be                  U1EP10 = 0x4be
                    0x04be                  _U1EP10 = 0x4be
                    0x04be                  _U1EP10bits = 0x4be
                    0x04c0                  U1EP11 = 0x4c0
                    0x04c0                  _U1EP11 = 0x4c0
                    0x04c0                  _U1EP11bits = 0x4c0
                    0x04c2                  U1EP12 = 0x4c2
                    0x04c2                  _U1EP12 = 0x4c2
                    0x04c2                  _U1EP12bits = 0x4c2
                    0x04c4                  U1EP13 = 0x4c4
                    0x04c4                  _U1EP13 = 0x4c4
                    0x04c4                  _U1EP13bits = 0x4c4
                    0x04c6                  U1EP14 = 0x4c6
                    0x04c6                  _U1EP14 = 0x4c6
                    0x04c6                  _U1EP14bits = 0x4c6
                    0x04c8                  U1EP15 = 0x4c8
                    0x04c8                  _U1EP15 = 0x4c8
                    0x04c8                  _U1EP15bits = 0x4c8
                    0x04cc                  U1PWMRRS = 0x4cc
                    0x04cc                  _U1PWMRRS = 0x4cc
                    0x04cc                  _U1PWMRRSbits = 0x4cc
                    0x04ce                  U1PWMCON = 0x4ce
                    0x04ce                  _U1PWMCON = 0x4ce
                    0x04ce                  _U1PWMCONbits = 0x4ce
                    0x04de                  ANCFG = 0x4de
                    0x04de                  _ANCFG = 0x4de
                    0x04de                  _ANCFGbits = 0x4de
                    0x04e0                  ANSA = 0x4e0
                    0x04e0                  _ANSA = 0x4e0
                    0x04e0                  _ANSAbits = 0x4e0
                    0x04e2                  ANSB = 0x4e2
                    0x04e2                  _ANSB = 0x4e2
                    0x04e2                  _ANSBbits = 0x4e2
                    0x04e4                  ANSC = 0x4e4
                    0x04e4                  _ANSC = 0x4e4
                    0x04e4                  _ANSCbits = 0x4e4
                    0x04e6                  ANSD = 0x4e6
                    0x04e6                  _ANSD = 0x4e6
                    0x04e6                  _ANSDbits = 0x4e6
                    0x04e8                  ANSE = 0x4e8
                    0x04e8                  _ANSE = 0x4e8
                    0x04e8                  _ANSEbits = 0x4e8
                    0x04ea                  ANSF = 0x4ea
                    0x04ea                  _ANSF = 0x4ea
                    0x04ea                  _ANSFbits = 0x4ea
                    0x04ec                  ANSG = 0x4ec
                    0x04ec                  _ANSG = 0x4ec
                    0x04ec                  _ANSGbits = 0x4ec
                    0x0600                  PMCON1 = 0x600
                    0x0600                  _PMCON1 = 0x600
                    0x0600                  _PMCON1bits = 0x600
                    0x0602                  PMCON2 = 0x602
                    0x0602                  _PMCON2 = 0x602
                    0x0602                  _PMCON2bits = 0x602
                    0x0604                  PMCON3 = 0x604
                    0x0604                  _PMCON3 = 0x604
                    0x0604                  _PMCON3bits = 0x604
                    0x0606                  PMCON4 = 0x606
                    0x0606                  _PMCON4 = 0x606
                    0x0606                  _PMCON4bits = 0x606
                    0x0608                  PMCS1CF = 0x608
                    0x0608                  _PMCS1CF = 0x608
                    0x0608                  _PMCS1CFbits = 0x608
                    0x060a                  PMCS1BS = 0x60a
                    0x060a                  _PMCS1BS = 0x60a
                    0x060a                  _PMCS1BSbits = 0x60a
                    0x060c                  PMCS1MD = 0x60c
                    0x060c                  _PMCS1MD = 0x60c
                    0x060c                  _PMCS1MDbits = 0x60c
                    0x060e                  PMCS2CF = 0x60e
                    0x060e                  _PMCS2CF = 0x60e
                    0x060e                  _PMCS2CFbits = 0x60e
                    0x0610                  PMCS2BS = 0x610
                    0x0610                  _PMCS2BS = 0x610
                    0x0610                  _PMCS2BSbits = 0x610
                    0x0612                  PMCS2MD = 0x612
                    0x0612                  _PMCS2MD = 0x612
                    0x0612                  _PMCS2MDbits = 0x612
                    0x0614                  PMDOUT1 = 0x614
                    0x0614                  _PMDOUT1 = 0x614
                    0x0616                  PMDOUT2 = 0x616
                    0x0616                  _PMDOUT2 = 0x616
                    0x0618                  PMDIN1 = 0x618
                    0x0618                  _PMDIN1 = 0x618
                    0x061a                  PMDIN2 = 0x61a
                    0x061a                  _PMDIN2 = 0x61a
                    0x061c                  PMSTAT = 0x61c
                    0x061c                  _PMSTAT = 0x61c
                    0x061c                  _PMSTATbits = 0x61c
                    0x0620                  ALRMVAL = 0x620
                    0x0620                  _ALRMVAL = 0x620
                    0x0622                  ALCFGRPT = 0x622
                    0x0622                  _ALCFGRPT = 0x622
                    0x0622                  _ALCFGRPTbits = 0x622
                    0x0624                  RTCVAL = 0x624
                    0x0624                  _RTCVAL = 0x624
                    0x0626                  RCFGCAL = 0x626
                    0x0626                  _RCFGCAL = 0x626
                    0x0626                  _RCFGCALbits = 0x626
                    0x0630                  CMSTAT = 0x630
                    0x0630                  _CMSTAT = 0x630
                    0x0630                  _CMSTATbits = 0x630
                    0x0632                  CVRCON = 0x632
                    0x0632                  _CVRCON = 0x632
                    0x0632                  _CVRCONbits = 0x632
                    0x0634                  CM1CON = 0x634
                    0x0634                  _CM1CON = 0x634
                    0x0634                  _CM1CONbits = 0x634
                    0x0636                  CM2CON = 0x636
                    0x0636                  _CM2CON = 0x636